// Jest Snapshot v1, https://goo.gl/fbAQLP

exports[`Testing DesktopSettings Test render() in DesktopSettings 1`] = `ShallowWrapper {}`;
