// Jest Snapshot v1, https://goo.gl/fbAQLP

exports[`Test PureCanvas Test render() in PureCanvas 1`] = `ShallowWrapper {}`;
