// Jest Snapshot v1, https://goo.gl/fbAQLP

exports[`Test Sol class Test Sol render 1`] = `ShallowWrapper {}`;
