// Jest Snapshot v1, https://goo.gl/fbAQLP

exports[`Test Term class Test render() in Term class 1`] = `ShallowWrapper {}`;
